// Jest Snapshot v1, https://goo.gl/fbAQLP

exports[`Sum function: should return value correctly comparing to other 1`] = `5`;
